
C:\Users\aawan\Documents\SystemCouplingCosimulation\implicitModel>REM

C:\Users\aawan\Documents\SystemCouplingCosimulation\implicitModel>REM Copyright ANSYS, Inc. Unauthorized use, distribution, or duplication is prohibited. 

C:\Users\aawan\Documents\SystemCouplingCosimulation\implicitModel>REM
1
simple model
Traceback (most recent call last):
  File "C:\Users\aawan\Documents\SystemCouplingCosimulation\implicitModel\RCCompressor.py", line 210, in <module>
    sc.updateOutputs(sysc.Converged)
RuntimeError: serveUntilTokenAssignedAll: ERROR: participant DEFAULT-1 has terminated the client connection unexpectedly. This could be due to a network issue or an unhandled error within the participant. Check participant transcript or debug log files for additional information. Terminating the coupled analysis.

C:\Users\aawan\Documents\SystemCouplingCosimulation\implicitModel>REM

C:\Users\aawan\Documents\SystemCouplingCosimulation\implicitModel>REM Copyright ANSYS, Inc. Unauthorized use, distribution, or duplication is prohibited. 

C:\Users\aawan\Documents\SystemCouplingCosimulation\implicitModel>REM
1
simple model
2
simple model
3
simple model
4
simple model
5
simple model
6
simple model
7
simple model
8
simple model
9
simple model
10
simple model

[0.0, 100000.0, 93704.49278494368, 88199.91432078648, 92670.63561285526, 98726.30314972287, 98651.95554962027, 94711.81988945426, 95234.14737462522, 99405.64390450544, 98718.68671126793, 0.0, 0.0, 0.0, 0.0, 0.0]
[0.0, 100000.0, 107016.02695120212, 120519.1106605103, 130963.1579371588, 138900.8823551233, 147439.1274950241, 154314.57011057762, 154331.19340345974, 150271.6981527701, 150074.34571487718, 0.0, 0.0, 0.0, 0.0, 0.0]
[0.0, 298.0, 292.40071851809574, 287.41453034599266, 291.99694988344305, 298.2649470284981, 298.8799820051186, 295.65654176756755, 296.1206319432401, 299.8523916893989, 299.42644141721354, 0.0, 0.0, 0.0, 0.0, 0.0]
[0.0, 298.0, 303.67458925240743, 315.0798347764135, 324.9305492309894, 333.14239903673734, 341.5883520546854, 347.9620865660845, 348.8657848159316, 346.83320513022875, 347.44072464306043, 0.0, 0.0, 0.0, 0.0, 0.0]


C:\Users\aawan\Documents\SystemCouplingCosimulation\implicitModel>REM

C:\Users\aawan\Documents\SystemCouplingCosimulation\implicitModel>REM Copyright ANSYS, Inc. Unauthorized use, distribution, or duplication is prohibited. 

C:\Users\aawan\Documents\SystemCouplingCosimulation\implicitModel>REM
1
simple model
2
simple model
3
simple model
4
simple model
5
simple model
6
simple model
7
simple model
8
simple model
9
simple model
10
simple model

[0.0, 100000.0, 93704.49278494368, 88199.91432078648, 92670.63561285526, 98726.30314972287, 98651.95554962027, 94711.81988945426, 95234.14737462522, 99405.64390450544, 98718.68671126793, 0.0, 0.0, 0.0, 0.0, 0.0]
[0.0, 100000.0, 107016.02695120212, 120519.1106605103, 130963.1579371588, 138900.8823551233, 147439.1274950241, 154314.57011057762, 154331.19340345974, 150271.6981527701, 150074.34571487718, 0.0, 0.0, 0.0, 0.0, 0.0]
[0.0, 298.0, 292.40071851809574, 287.41453034599266, 291.99694988344305, 298.2649470284981, 298.8799820051186, 295.65654176756755, 296.1206319432401, 299.8523916893989, 299.42644141721354, 0.0, 0.0, 0.0, 0.0, 0.0]
[0.0, 298.0, 303.67458925240743, 315.0798347764135, 324.9305492309894, 333.14239903673734, 341.5883520546854, 347.9620865660845, 348.8657848159316, 346.83320513022875, 347.44072464306043, 0.0, 0.0, 0.0, 0.0, 0.0]
[0.0, 0.14691333592467207, 0.13697354362058958, 0.12028812584440017, 0.11842770709237564, 0.12250330296745301, 0.11053025319843202, 0.08640091677726446, 0.08820447540993721, 0.10810110073310562, 0.10642047839853076, 0.0, 0.0, 0.0, 0.0, 0.0]


C:\Users\aawan\Documents\SystemCouplingCosimulation\implicitModel>REM

C:\Users\aawan\Documents\SystemCouplingCosimulation\implicitModel>REM Copyright ANSYS, Inc. Unauthorized use, distribution, or duplication is prohibited. 

C:\Users\aawan\Documents\SystemCouplingCosimulation\implicitModel>REM
1
simple model
2
simple model
3
simple model
4
simple model
5
simple model
6
simple model
7
simple model
8
simple model
9
simple model
10
simple model

[0.0, 100000.0, 93704.49278494368, 88199.91432078648, 92670.63561285526, 98726.30314972287, 98651.95554962027, 94711.81988945426, 95234.14737462522, 99405.64390450544, 98718.68671126793, 0.0, 0.0, 0.0, 0.0, 0.0]
[0.0, 100000.0, 107016.02695120212, 120519.1106605103, 130963.1579371588, 138900.8823551233, 147439.1274950241, 154314.57011057762, 154331.19340345974, 150271.6981527701, 150074.34571487718, 0.0, 0.0, 0.0, 0.0, 0.0]
[0.0, 298.0, 292.40071851809574, 287.41453034599266, 291.99694988344305, 298.2649470284981, 298.8799820051186, 295.65654176756755, 296.1206319432401, 299.8523916893989, 299.42644141721354, 0.0, 0.0, 0.0, 0.0, 0.0]
[0.0, 298.0, 303.67458925240743, 315.0798347764135, 324.9305492309894, 333.14239903673734, 341.5883520546854, 347.9620865660845, 348.8657848159316, 346.83320513022875, 347.44072464306043, 0.0, 0.0, 0.0, 0.0, 0.0]
[0.0, 0.14691333592467207, 0.13697354362058958, 0.12028812584440017, 0.11842770709237564, 0.12250330296745301, 0.11053025319843202, 0.08640091677726446, 0.08820447540993721, 0.10810110073310562, 0.10642047839853076, 0.0, 0.0, 0.0, 0.0, 0.0]


C:\Users\aawan\Documents\SystemCouplingCosimulation\implicitModel>REM

C:\Users\aawan\Documents\SystemCouplingCosimulation\implicitModel>REM Copyright ANSYS, Inc. Unauthorized use, distribution, or duplication is prohibited. 

C:\Users\aawan\Documents\SystemCouplingCosimulation\implicitModel>REM
1
2
3
4
5
6
7
8
9
10

[0.0, 100000.0, 99370.44927849434, 98324.96508326534, 97630.8762640758, 97148.3666108744, 96782.3172999023, 96493.69662292462, 96262.87275865642, 96077.5640964995, 95929.31507222872, 0.0, 0.0, 0.0, 0.0, 0.0]
[0.0, 100000.0, 102197.13201805466, 105649.13675571296, 107591.3714842158, 108857.20363700778, 109965.07592072699, 111072.86813936323, 112220.89415691345, 113399.45396430772, 114588.3419033842, 0.0, 0.0, 0.0, 0.0, 0.0]
[0.0, 298.0, 297.46285718487337, 296.5646514832193, 295.9632944378208, 295.54788733443434, 295.2390373326236, 295.0017047006955, 294.81797794489063, 294.67660046747693, 294.5697540678388, 0.0, 0.0, 0.0, 0.0, 0.0]
[0.0, 298.0, 299.83732801447115, 302.73344789022457, 304.49981336051553, 305.839218542637, 307.1072656265325, 308.41115170540724, 309.77628223286143, 311.1912802538316, 312.637331280661, 0.0, 0.0, 0.0, 0.0, 0.0]
[0.0, 0.14691333592467207, 0.14553205548490816, 0.14325353385383272, 0.14173016957093199, 0.1405495122453248, 0.13948309544065013, 0.138478767147731, 0.13751158047192302, 0.13652709382522613, 0.13522945313499668, 0.0, 0.0, 0.0, 0.0, 0.0]


C:\Users\aawan\Documents\SystemCouplingCosimulation\implicitModel>REM

C:\Users\aawan\Documents\SystemCouplingCosimulation\implicitModel>REM Copyright ANSYS, Inc. Unauthorized use, distribution, or duplication is prohibited. 

C:\Users\aawan\Documents\SystemCouplingCosimulation\implicitModel>REM
1
simple model
2
simple model
3
simple model
4
simple model
5
simple model
6
simple model
7
simple model
8
simple model
9
simple model
10
simple model

[0.0, 100000.0, 93704.49278494368, 88199.91432078648, 92670.63561285526, 98726.30314972287, 98651.95554962027, 94711.81988945426, 95234.14737462522, 99405.64390450544, 98718.68671126793, 0.0, 0.0, 0.0, 0.0, 0.0]
[0.0, 100000.0, 107016.02695120212, 120519.1106605103, 130963.1579371588, 138900.8823551233, 147439.1274950241, 154314.57011057762, 154331.19340345974, 150271.6981527701, 150074.34571487718, 0.0, 0.0, 0.0, 0.0, 0.0]
[0.0, 298.0, 292.40071851809574, 287.41453034599266, 291.99694988344305, 298.2649470284981, 298.8799820051186, 295.65654176756755, 296.1206319432401, 299.8523916893989, 299.42644141721354, 0.0, 0.0, 0.0, 0.0, 0.0]
[0.0, 298.0, 303.67458925240743, 315.0798347764135, 324.9305492309894, 333.14239903673734, 341.5883520546854, 347.9620865660845, 348.8657848159316, 346.83320513022875, 347.44072464306043, 0.0, 0.0, 0.0, 0.0, 0.0]
[0.0, 0.14691333592467207, 0.13697354362058958, 0.12028812584440017, 0.11842770709237564, 0.12250330296745301, 0.11053025319843202, 0.08640091677726446, 0.08820447540993721, 0.10810110073310562, 0.10642047839853076, 0.0, 0.0, 0.0, 0.0, 0.0]

